[www.consciousminds.org/index.html]
[backblue.gif]
[fade.gif]
[index.html]
[www.consciousminds.org/index.html]
[www.consciousminds.org/site95b5.css]
[www.consciousminds.org/home.html]
[www.consciousminds.org/home.html]
[www.consciousminds.org/about-us.html]
[www.consciousminds.org/earth-native-sanctuary.html]
[www.consciousminds.org/our-services.html]
[www.consciousminds.org/elite-wellness-coaching.html]
[www.consciousminds.org/sacred-healing-chamber.html]
[www.consciousminds.org/advanced-event-production.html]
[www.consciousminds.org/harmonic-sound-studio.html]
[www.consciousminds.org/products.html]
[www.consciousminds.org/contact-us.html]
[www.paypalobjects.com/en_US/i/btn/btn_donateCC_LG.gif]
[www.paypalobjects.com/en_US/i/scr/pixel.gif]
[img4.wsimg.com/wst/v7/WSB7_J_20141223_1502_doc-migra_4587/v2/images/wsb-slideshow-nav-arrows-sprt.png]
[www.consciousminds.org/site95b5.css]
[img4.wsimg.com/starfield/duel/v2.5.7/duel35bd.js]
[www.consciousminds.org/about-us.html]
[www.consciousminds.org/earth-native-sanctuary.html]
[www.consciousminds.org/our-services.html]
[www.consciousminds.org/elite-wellness-coaching.html]
[www.consciousminds.org/sacred-healing-chamber.html]
[www.consciousminds.org/advanced-event-production.html]
[www.consciousminds.org/harmonic-sound-studio.html]
[www.consciousminds.org/products.html]
[www.consciousminds.org/contact-us.html]
[www.consciousminds.org/css!starfield/sf.core.html]
[www.consciousminds.org/millie-lopez.html]
[www.consciousminds.org/meme-divinity.html]
[www.consciousminds.org/meme-divinity.html]
[www.consciousminds.org/millie-lopez.html]
